
> injection-tracker-native@0.0.1 dev
> vite

Port 5173 is in use, trying another one...

  VITE v8.0.13  ready in 104 ms

  ➜  Local:   http://localhost:5174/
  ➜  Network: use --host to expose
  ➜  press h + enter to show help
Assets in public directory cannot be imported from JavaScript.
If you intend to import that asset, put the file in the src directory, and use /src/icon.png instead of /public/icon.png.
If you intend to use the URL of that asset, use /icon.png?url.
10:20:50 AM [vite] (client) hmr update /src/components/tabs/Calculator.jsx
Assets in public directory cannot be imported from JavaScript.
If you intend to import that asset, put the file in the src directory, and use /src/icon.png instead of /public/icon.png.
If you intend to use the URL of that asset, use /icon.png?url.
Assets in public directory cannot be imported from JavaScript.
If you intend to import that asset, put the file in the src directory, and use /src/icon.png instead of /public/icon.png.
If you intend to use the URL of that asset, use /icon.png?url.
Assets in public directory cannot be imported from JavaScript.
If you intend to import that asset, put the file in the src directory, and use /src/icon.png instead of /public/icon.png.
If you intend to use the URL of that asset, use /icon.png?url.
Assets in public directory cannot be imported from JavaScript.
If you intend to import that asset, put the file in the src directory, and use /src/icon.png instead of /public/icon.png.
If you intend to use the URL of that asset, use /icon.png?url.
Assets in public directory cannot be imported from JavaScript.
If you intend to import that asset, put the file in the src directory, and use /src/icon.png instead of /public/icon.png.
If you intend to use the URL of that asset, use /icon.png?url.
10:24:25 AM [vite] (client) hmr update /src/App.jsx
10:24:48 AM [vite] (client) hmr update /src/App.jsx
Assets in public directory cannot be imported from JavaScript.
If you intend to import that asset, put the file in the src directory, and use /src/icon.png instead of /public/icon.png.
If you intend to use the URL of that asset, use /icon.png?url.
Assets in public directory cannot be imported from JavaScript.
If you intend to import that asset, put the file in the src directory, and use /src/icon.png instead of /public/icon.png.
If you intend to use the URL of that asset, use /icon.png?url.
